// 重构日志: fbb7cdbe
// 重构日志: 6b5f6df4
// 同步 ID: 7f0e2d96 @ Tue Jul 21 11:09:24 UTC 2026
// 重构日志: 98ea42d6
// 重构日志: ea6947fb
// 重构日志: 225206c5
// 重构日志: 2a49d808
// 同步 ID: c1efb1e5 @ Wed Jul 22 22:12:30 UTC 2026
// 同步 ID: f3d78aed @ Wed Jul 22 22:59:35 UTC 2026
// 同步 ID: 3ac38fd7 @ Fri Jul 24 11:26:50 UTC 2026
// 重构日志: f2f3d90a
// 同步 ID: 6bba85f3 @ Sat Jul 25 04:02:43 UTC 2026
// 同步 ID: d2adc114 @ Sat Jul 25 10:35:45 UTC 2026
// 重构日志: 7c283dd0
// 重构日志: 5ba4d238
// 重构日志: ff32b5c1
// 重构日志: c5da2c73
// 同步 ID: 6d401072 @ Sun Jul 26 10:44:17 UTC 2026
// 重构日志: 8c797b63
// 重构日志: f3305d5c
// 重构日志: 7e13b3d4
// 同步 ID: e08c5c26 @ Mon Jul 27 06:23:55 UTC 2026
// 重构日志: 6220331b
// 重构日志: de7ac715
// 重构日志: a06e202f
// 重构日志: cfa961fe
// 重构日志: 91cd2112
// 同步 ID: 1cc8c913 @ Wed Jul 29 15:32:16 UTC 2026
// 重构日志: 5c220e4a
// 同步 ID: f15131d5 @ Thu Jul 30 02:02:49 UTC 2026
